// Jest Snapshot v1, https://goo.gl/fbAQLP

exports[`Input It should render a default Input 1`] = `
<div>
  <div
    class="flex w-full flex-col"
  >
    <div
      class="w-full rounded-400 inline-flex items-center py-50 border-75 overflow-hidden font-sans relative cursor-pointer [&:has(input:disabled)]:cursor-not-allowed hover:transition-[border] hover:ease-[cubic-bezier(0.72, 0, 0.24, 1)] hover:duration-[160ms] focus-within:[&:has(label)]:pt-600 data-[has-value=true]:[&:has(label)]:pt-600 bg-solid-slate-50 [&:has(input:disabled)]:bg-solid-slate-50 [&:has(input:disabled)]:text-opacity-black-100 [&:has(input:disabled)]:border-opacity-black-100 px-800 h-2800 text-opacity-black-100 [&:has(input:enabled)]:hover:[&:not(:focus-within)]:text-opacity-black-200 [&:has(input:enabled)]:hover:[&:not(:focus-within)]:border-opacity-black-200 focus-within:border-solid-slate-1400 focus-within:text-solid-slate-1400"
      data-has-value="false"
    >
      <input
        class="h-1200 bg-transparent leading-300 cursor-pointer peer grow disabled:cursor-not-allowed focus:outline-none focus:text-solid-slate-1400 hover:text-opacity-black-600 placeholder-shown:text-typography-disabled [&:not(placeholder-shown)]:text-opacity-black-600 disabled:text-opacity-black-300 [&:has(~label)]:text-100 [&:has(~label)]:placeholder:text-transparent [&:has(~label)]:focus:placeholder-opacity-black-300 [&::-webkit-search-decoration]:hidden [&::-webkit-search-cancel-button]:hidden [&::-webkit-search-results-button]:hidden [&::-webkit-search-results-decoration]:hidden [&::-ms-clear]:hidden [&::-ms-clear]:w-50 [&::-ms-clear]:h-50 [&::-ms-reveal]:hidden [&::-ms-reveal]:w-50 [&::-ms-reveal]:h-50 text-left h-1200"
        type="text"
      />
    </div>
    <div
      class="flex justify-between pt-400"
    />
  </div>
</div>
`;

exports[`Input It should render a disabled Input 1`] = `
<div>
  <div
    class="flex w-full flex-col"
  >
    <div
      class="w-full rounded-400 inline-flex items-center py-50 border-75 overflow-hidden font-sans relative cursor-pointer [&:has(input:disabled)]:cursor-not-allowed hover:transition-[border] hover:ease-[cubic-bezier(0.72, 0, 0.24, 1)] hover:duration-[160ms] focus-within:[&:has(label)]:pt-600 data-[has-value=true]:[&:has(label)]:pt-600 bg-solid-slate-50 [&:has(input:disabled)]:bg-solid-slate-50 [&:has(input:disabled)]:text-opacity-black-100 [&:has(input:disabled)]:border-opacity-black-100 px-800 h-2800 text-opacity-black-100 [&:has(input:enabled)]:hover:[&:not(:focus-within)]:text-opacity-black-200 [&:has(input:enabled)]:hover:[&:not(:focus-within)]:border-opacity-black-200 focus-within:border-solid-slate-1400 focus-within:text-solid-slate-1400"
      data-has-value="false"
    >
      <input
        class="h-1200 bg-transparent leading-300 cursor-pointer peer grow disabled:cursor-not-allowed focus:outline-none focus:text-solid-slate-1400 hover:text-opacity-black-600 placeholder-shown:text-typography-disabled [&:not(placeholder-shown)]:text-opacity-black-600 disabled:text-opacity-black-300 [&:has(~label)]:text-100 [&:has(~label)]:placeholder:text-transparent [&:has(~label)]:focus:placeholder-opacity-black-300 [&::-webkit-search-decoration]:hidden [&::-webkit-search-cancel-button]:hidden [&::-webkit-search-results-button]:hidden [&::-webkit-search-results-decoration]:hidden [&::-ms-clear]:hidden [&::-ms-clear]:w-50 [&::-ms-clear]:h-50 [&::-ms-reveal]:hidden [&::-ms-reveal]:w-50 [&::-ms-reveal]:h-50 text-left h-1200"
        disabled=""
        type="text"
      />
    </div>
    <div
      class="flex justify-between pt-400"
    />
  </div>
</div>
`;

exports[`Input It should render a disabled Input with a variant of fill 1`] = `
<div>
  <div
    class="flex w-full flex-col"
  >
    <div
      class="w-full rounded-400 inline-flex items-center py-50 border-75 overflow-hidden font-sans relative cursor-pointer [&:has(input:disabled)]:cursor-not-allowed hover:transition-[border] hover:ease-[cubic-bezier(0.72, 0, 0.24, 1)] hover:duration-[160ms] focus-within:[&:has(label)]:pt-600 data-[has-value=true]:[&:has(label)]:pt-600 [&:has(input:disabled)]:bg-opacity-black-75 focus-within:bg-opacity-black-75 [&:has(input:enabled)]:hover:[&:not(:focus-within)]:bg-opacity-black-100 px-800 h-2800 text-opacity-black-100 [&:has(input:enabled)]:hover:[&:not(:focus-within)]:text-opacity-black-200 [&:has(input:enabled)]:hover:[&:not(:focus-within)]:border-opacity-black-200 focus-within:border-solid-slate-1400 focus-within:text-solid-slate-1400"
      data-has-value="false"
    >
      <input
        class="h-1200 bg-transparent leading-300 cursor-pointer peer grow disabled:cursor-not-allowed focus:outline-none focus:text-solid-slate-1400 hover:text-opacity-black-600 placeholder-shown:text-typography-disabled [&:not(placeholder-shown)]:text-opacity-black-600 disabled:text-opacity-black-300 [&:has(~label)]:text-100 [&:has(~label)]:placeholder:text-transparent [&:has(~label)]:focus:placeholder-opacity-black-300 [&::-webkit-search-decoration]:hidden [&::-webkit-search-cancel-button]:hidden [&::-webkit-search-results-button]:hidden [&::-webkit-search-results-decoration]:hidden [&::-ms-clear]:hidden [&::-ms-clear]:w-50 [&::-ms-clear]:h-50 [&::-ms-reveal]:hidden [&::-ms-reveal]:w-50 [&::-ms-reveal]:h-50 text-left h-1200"
        disabled=""
        type="text"
      />
    </div>
    <div
      class="flex justify-between pt-400"
    />
  </div>
</div>
`;

exports[`Input It should render a disabled Input with a variant of outline 1`] = `
<div>
  <div
    class="flex w-full flex-col"
  >
    <div
      class="w-full rounded-400 inline-flex items-center py-50 border-75 overflow-hidden font-sans relative cursor-pointer [&:has(input:disabled)]:cursor-not-allowed hover:transition-[border] hover:ease-[cubic-bezier(0.72, 0, 0.24, 1)] hover:duration-[160ms] focus-within:[&:has(label)]:pt-600 data-[has-value=true]:[&:has(label)]:pt-600 bg-solid-slate-50 [&:has(input:disabled)]:bg-solid-slate-50 [&:has(input:disabled)]:text-opacity-black-100 [&:has(input:disabled)]:border-opacity-black-100 px-800 h-2800 text-opacity-black-100 [&:has(input:enabled)]:hover:[&:not(:focus-within)]:text-opacity-black-200 [&:has(input:enabled)]:hover:[&:not(:focus-within)]:border-opacity-black-200 focus-within:border-solid-slate-1400 focus-within:text-solid-slate-1400"
      data-has-value="false"
    >
      <input
        class="h-1200 bg-transparent leading-300 cursor-pointer peer grow disabled:cursor-not-allowed focus:outline-none focus:text-solid-slate-1400 hover:text-opacity-black-600 placeholder-shown:text-typography-disabled [&:not(placeholder-shown)]:text-opacity-black-600 disabled:text-opacity-black-300 [&:has(~label)]:text-100 [&:has(~label)]:placeholder:text-transparent [&:has(~label)]:focus:placeholder-opacity-black-300 [&::-webkit-search-decoration]:hidden [&::-webkit-search-cancel-button]:hidden [&::-webkit-search-results-button]:hidden [&::-webkit-search-results-decoration]:hidden [&::-ms-clear]:hidden [&::-ms-clear]:w-50 [&::-ms-clear]:h-50 [&::-ms-reveal]:hidden [&::-ms-reveal]:w-50 [&::-ms-reveal]:h-50 text-left h-1200"
        disabled=""
        type="text"
      />
    </div>
    <div
      class="flex justify-between pt-400"
    />
  </div>
</div>
`;

exports[`Input It should render an Input with a label 1`] = `
<div>
  <div
    class="flex w-full flex-col"
  >
    <div
      class="w-full rounded-400 inline-flex items-center py-50 border-75 overflow-hidden font-sans relative cursor-pointer [&:has(input:disabled)]:cursor-not-allowed hover:transition-[border] hover:ease-[cubic-bezier(0.72, 0, 0.24, 1)] hover:duration-[160ms] focus-within:[&:has(label)]:pt-600 data-[has-value=true]:[&:has(label)]:pt-600 bg-solid-slate-50 [&:has(input:disabled)]:bg-solid-slate-50 [&:has(input:disabled)]:text-opacity-black-100 [&:has(input:disabled)]:border-opacity-black-100 px-800 h-2800 text-opacity-black-100 [&:has(input:enabled)]:hover:[&:not(:focus-within)]:text-opacity-black-200 [&:has(input:enabled)]:hover:[&:not(:focus-within)]:border-opacity-black-200 focus-within:border-solid-slate-1400 focus-within:text-solid-slate-1400"
      data-has-value="false"
    >
      <input
        class="h-1200 bg-transparent leading-300 cursor-pointer peer grow disabled:cursor-not-allowed focus:outline-none focus:text-solid-slate-1400 hover:text-opacity-black-600 placeholder-shown:text-typography-disabled [&:not(placeholder-shown)]:text-opacity-black-600 disabled:text-opacity-black-300 [&:has(~label)]:text-100 [&:has(~label)]:placeholder:text-transparent [&:has(~label)]:focus:placeholder-opacity-black-300 [&::-webkit-search-decoration]:hidden [&::-webkit-search-cancel-button]:hidden [&::-webkit-search-results-button]:hidden [&::-webkit-search-results-decoration]:hidden [&::-ms-clear]:hidden [&::-ms-clear]:w-50 [&::-ms-clear]:h-50 [&::-ms-reveal]:hidden [&::-ms-reveal]:w-50 [&::-ms-reveal]:h-50 text-left h-1200"
        type="text"
      />
      <label
        class="transition-all duration-[160ms] ease-[cubic-bezier(0.72, 0, 0.24, 1)] pointer-events-none absolute peer-placeholder-shown:text-100 peer-placeholder-shown:translate-y-50 peer-focus:-translate-y-full peer-focus:leading-100 peer-focus:text-50 peer-focus:h-900 peer-focus:gap-200 peer-[:not(placeholder-shown)]:-translate-y-full peer-[:not(placeholder-shown)]:leading-100 peer-[:not(placeholder-shown)]:text-50 text-opacity-black-600"
      >
        Label
      </label>
    </div>
    <div
      class="flex justify-between pt-400"
    />
  </div>
</div>
`;

exports[`Input It should render an Input with a size of sm 1`] = `
<div>
  <div
    class="flex w-full flex-col"
  >
    <div
      class="w-full rounded-400 inline-flex items-center py-50 border-75 overflow-hidden font-sans relative cursor-pointer [&:has(input:disabled)]:cursor-not-allowed hover:transition-[border] hover:ease-[cubic-bezier(0.72, 0, 0.24, 1)] hover:duration-[160ms] focus-within:[&:has(label)]:pt-600 data-[has-value=true]:[&:has(label)]:pt-600 bg-solid-slate-50 [&:has(input:disabled)]:bg-solid-slate-50 [&:has(input:disabled)]:text-opacity-black-100 [&:has(input:disabled)]:border-opacity-black-100 px-400 h-1600 text-opacity-black-100 [&:has(input:enabled)]:hover:[&:not(:focus-within)]:text-opacity-black-200 [&:has(input:enabled)]:hover:[&:not(:focus-within)]:border-opacity-black-200 focus-within:border-solid-slate-1400 focus-within:text-solid-slate-1400"
      data-has-value="false"
    >
      <input
        class="h-1200 bg-transparent leading-300 cursor-pointer peer grow disabled:cursor-not-allowed focus:outline-none focus:text-solid-slate-1400 hover:text-opacity-black-600 placeholder-shown:text-typography-disabled [&:not(placeholder-shown)]:text-opacity-black-600 disabled:text-opacity-black-300 [&:has(~label)]:text-100 [&:has(~label)]:placeholder:text-transparent [&:has(~label)]:focus:placeholder-opacity-black-300 [&::-webkit-search-decoration]:hidden [&::-webkit-search-cancel-button]:hidden [&::-webkit-search-results-button]:hidden [&::-webkit-search-results-decoration]:hidden [&::-ms-clear]:hidden [&::-ms-clear]:w-50 [&::-ms-clear]:h-50 [&::-ms-reveal]:hidden [&::-ms-reveal]:w-50 [&::-ms-reveal]:h-50 text-left h-1100"
        type="text"
      />
    </div>
    <div
      class="flex justify-between pt-400"
    />
  </div>
</div>
`;

exports[`Input It should render an Input with a status icon 1`] = `
<div>
  <div
    class="flex w-full flex-col"
  >
    <div
      class="w-full rounded-400 inline-flex items-center py-50 border-75 overflow-hidden font-sans relative cursor-pointer [&:has(input:disabled)]:cursor-not-allowed hover:transition-[border] hover:ease-[cubic-bezier(0.72, 0, 0.24, 1)] hover:duration-[160ms] focus-within:[&:has(label)]:pt-600 data-[has-value=true]:[&:has(label)]:pt-600 bg-solid-slate-50 [&:has(input:disabled)]:bg-solid-slate-50 [&:has(input:disabled)]:text-opacity-black-100 [&:has(input:disabled)]:border-opacity-black-100 px-800 h-2800 text-opacity-green-600 border-opacity-green-600 [&:has(input:enabled)]:hover:[&:not(:focus-within)]:text-opacity-green-800 [&:has(input:enabled)]:hover:[&:not(:focus-within)]:border-opacity-green-800 focus-within:text-solid-green-900 focus-within:border-solid-green-900"
      data-has-value="false"
    >
      <input
        class="h-1200 bg-transparent leading-300 cursor-pointer peer grow disabled:cursor-not-allowed focus:outline-none focus:text-solid-slate-1400 hover:text-opacity-black-600 placeholder-shown:text-typography-disabled [&:not(placeholder-shown)]:text-opacity-black-600 disabled:text-opacity-black-300 [&:has(~label)]:text-100 [&:has(~label)]:placeholder:text-transparent [&:has(~label)]:focus:placeholder-opacity-black-300 [&::-webkit-search-decoration]:hidden [&::-webkit-search-cancel-button]:hidden [&::-webkit-search-results-button]:hidden [&::-webkit-search-results-decoration]:hidden [&::-ms-clear]:hidden [&::-ms-clear]:w-50 [&::-ms-clear]:h-50 [&::-ms-reveal]:hidden [&::-ms-reveal]:w-50 [&::-ms-reveal]:h-50 text-left h-1200"
        type="text"
      />
      <div>
        <svg
          class="fill-solid-green-900"
          height="24"
          role="img"
          viewBox="0 0 32 32"
          width="24"
          xmlns="http://www.w3.org/2000/svg"
        >
          <path
            d="M15.688 9.82 7.953 22.516c-.078.117-.078.195-.078.312 0 .313.234.547.547.547h15.117c.313 0 .586-.234.586-.547 0-.117-.04-.195-.117-.312L16.273 9.82A.29.29 0 0 0 16 9.625c-.156 0-.234.078-.312.195m-1.602-.976A2.25 2.25 0 0 1 16 7.75c.742 0 1.484.43 1.875 1.094l7.734 12.695c.235.39.391.82.391 1.29 0 1.327-1.094 2.421-2.46 2.421H8.421A2.434 2.434 0 0 1 6 22.828q0-.703.352-1.289zm3.164 12.031c0 .703-.586 1.25-1.25 1.25-.703 0-1.25-.547-1.25-1.25 0-.664.547-1.25 1.25-1.25.664 0 1.25.586 1.25 1.25m-.312-7.187v3.75c0 .546-.43.937-.938.937-.547 0-.937-.39-.937-.937v-3.75c0-.508.39-.938.937-.938a.95.95 0 0 1 .938.938"
          />
        </svg>
      </div>
    </div>
    <div
      class="flex justify-between pt-400"
    />
  </div>
</div>
`;

exports[`Input It should render an Input with a variant of fill 1`] = `
<div>
  <div
    class="flex w-full flex-col"
  >
    <div
      class="w-full rounded-400 inline-flex items-center py-50 border-75 overflow-hidden font-sans relative cursor-pointer [&:has(input:disabled)]:cursor-not-allowed hover:transition-[border] hover:ease-[cubic-bezier(0.72, 0, 0.24, 1)] hover:duration-[160ms] focus-within:[&:has(label)]:pt-600 data-[has-value=true]:[&:has(label)]:pt-600 [&:has(input:disabled)]:bg-opacity-black-75 focus-within:bg-opacity-black-75 [&:has(input:enabled)]:hover:[&:not(:focus-within)]:bg-opacity-black-100 px-800 h-2800 text-opacity-black-100 [&:has(input:enabled)]:hover:[&:not(:focus-within)]:text-opacity-black-200 [&:has(input:enabled)]:hover:[&:not(:focus-within)]:border-opacity-black-200 focus-within:border-solid-slate-1400 focus-within:text-solid-slate-1400"
      data-has-value="false"
    >
      <input
        class="h-1200 bg-transparent leading-300 cursor-pointer peer grow disabled:cursor-not-allowed focus:outline-none focus:text-solid-slate-1400 hover:text-opacity-black-600 placeholder-shown:text-typography-disabled [&:not(placeholder-shown)]:text-opacity-black-600 disabled:text-opacity-black-300 [&:has(~label)]:text-100 [&:has(~label)]:placeholder:text-transparent [&:has(~label)]:focus:placeholder-opacity-black-300 [&::-webkit-search-decoration]:hidden [&::-webkit-search-cancel-button]:hidden [&::-webkit-search-results-button]:hidden [&::-webkit-search-results-decoration]:hidden [&::-ms-clear]:hidden [&::-ms-clear]:w-50 [&::-ms-clear]:h-50 [&::-ms-reveal]:hidden [&::-ms-reveal]:w-50 [&::-ms-reveal]:h-50 text-left h-1200"
        type="text"
      />
    </div>
    <div
      class="flex justify-between pt-400"
    />
  </div>
</div>
`;

exports[`Input It should render an Input with centered text 1`] = `
<div>
  <div
    class="flex w-full flex-col"
  >
    <div
      class="w-full rounded-400 inline-flex items-center py-50 border-75 overflow-hidden font-sans relative cursor-pointer [&:has(input:disabled)]:cursor-not-allowed hover:transition-[border] hover:ease-[cubic-bezier(0.72, 0, 0.24, 1)] hover:duration-[160ms] focus-within:[&:has(label)]:pt-600 data-[has-value=true]:[&:has(label)]:pt-600 bg-solid-slate-50 [&:has(input:disabled)]:bg-solid-slate-50 [&:has(input:disabled)]:text-opacity-black-100 [&:has(input:disabled)]:border-opacity-black-100 px-800 h-2800 text-opacity-black-100 [&:has(input:enabled)]:hover:[&:not(:focus-within)]:text-opacity-black-200 [&:has(input:enabled)]:hover:[&:not(:focus-within)]:border-opacity-black-200 focus-within:border-solid-slate-1400 focus-within:text-solid-slate-1400"
      data-has-value="false"
    >
      <input
        class="h-1200 bg-transparent leading-300 cursor-pointer peer grow disabled:cursor-not-allowed focus:outline-none focus:text-solid-slate-1400 hover:text-opacity-black-600 placeholder-shown:text-typography-disabled [&:not(placeholder-shown)]:text-opacity-black-600 disabled:text-opacity-black-300 [&:has(~label)]:text-100 [&:has(~label)]:placeholder:text-transparent [&:has(~label)]:focus:placeholder-opacity-black-300 [&::-webkit-search-decoration]:hidden [&::-webkit-search-cancel-button]:hidden [&::-webkit-search-results-button]:hidden [&::-webkit-search-results-decoration]:hidden [&::-ms-clear]:hidden [&::-ms-clear]:w-50 [&::-ms-clear]:h-50 [&::-ms-reveal]:hidden [&::-ms-reveal]:w-50 [&::-ms-reveal]:h-50 [&:not(:has(~label))]:text-center h-1200"
        type="text"
      />
    </div>
    <div
      class="flex justify-between pt-400"
    />
  </div>
</div>
`;

exports[`Input It should render an Input with status messages 1`] = `
<div>
  <div
    class="flex w-full flex-col"
  >
    <div
      class="w-full rounded-400 inline-flex items-center py-50 border-75 overflow-hidden font-sans relative cursor-pointer [&:has(input:disabled)]:cursor-not-allowed hover:transition-[border] hover:ease-[cubic-bezier(0.72, 0, 0.24, 1)] hover:duration-[160ms] focus-within:[&:has(label)]:pt-600 data-[has-value=true]:[&:has(label)]:pt-600 bg-solid-slate-50 [&:has(input:disabled)]:bg-solid-slate-50 [&:has(input:disabled)]:text-opacity-black-100 [&:has(input:disabled)]:border-opacity-black-100 px-800 h-2800 text-opacity-black-100 [&:has(input:enabled)]:hover:[&:not(:focus-within)]:text-opacity-black-200 [&:has(input:enabled)]:hover:[&:not(:focus-within)]:border-opacity-black-200 focus-within:border-solid-slate-1400 focus-within:text-solid-slate-1400"
      data-has-value="false"
    >
      <input
        class="h-1200 bg-transparent leading-300 cursor-pointer peer grow disabled:cursor-not-allowed focus:outline-none focus:text-solid-slate-1400 hover:text-opacity-black-600 placeholder-shown:text-typography-disabled [&:not(placeholder-shown)]:text-opacity-black-600 disabled:text-opacity-black-300 [&:has(~label)]:text-100 [&:has(~label)]:placeholder:text-transparent [&:has(~label)]:focus:placeholder-opacity-black-300 [&::-webkit-search-decoration]:hidden [&::-webkit-search-cancel-button]:hidden [&::-webkit-search-results-button]:hidden [&::-webkit-search-results-decoration]:hidden [&::-ms-clear]:hidden [&::-ms-clear]:w-50 [&::-ms-clear]:h-50 [&::-ms-reveal]:hidden [&::-ms-reveal]:w-50 [&::-ms-reveal]:h-50 text-left h-1200"
        type="text"
      />
    </div>
    <div
      class="flex justify-between pt-400"
    >
      <p
        class="py-50 px-800 text-50 leading-100 font-regular animate-drop-in text-opacity-black-400"
      >
        Message goes here
      </p>
      <p
        class="py-50 px-800 text-50 leading-100 font-regular animate-drop-in text-opacity-black-400 self-end"
      >
        0/0
      </p>
    </div>
  </div>
</div>
`;
