// Jest Snapshot v1, https://goo.gl/fbAQLP

exports[`Input It should render a default Input 1`] = `
<div>
  <div
    class="flex flex-col"
  >
    <div
      class="w-[360px] rounded-400 inline-flex items-center py-50 border-75 overflow-hidden font-sans relative cursor-pointer [&:has(input:disabled)]:cursor-not-allowed bg-solid-slate-50 [&:has(input:disabled)]:bg-solid-slate-50 [&:has(input:disabled)]:text-opacity-black-100 [&:has(input:disabled)]:border-opacity-black-100 px-800 h-2800 text-opacity-black-100 [&:has(input:enabled)]:hover:[&:not(:focus-within)]:text-opacity-black-200 [&:has(input:enabled)]:hover:[&:not(:focus-within)]:border-opacity-black-200 focus-within:border-solid-slate-1400 focus-within:text-solid-slate-1400"
    >
      <input
        class="h-1200 leading-300 cursor-pointer peer grow disabled:cursor-not-allowed focus:outline-none focus:text-solid-slate-1400 hover:text-opacity-black-600 placeholder-shown:text-opacity-black-300 [&:not(placeholder-shown)]:text-opacity-black-600 disabled:text-opacity-black-300 [&:has(~label)]:placeholder-background-primary-base-need-to-get-a-proper-color-for-this [&:has(~label)]:focus:placeholder-opacity-black-300 text-left h-1200"
        type="text"
      />
    </div>
    <div
      class="flex justify-between"
    />
  </div>
</div>
`;
