// Jest Snapshot v1, https://goo.gl/fbAQLP

exports[`SearchField It should render a SearchField with a given classname and type passed a prop 1`] = `
<div>
  <div
    class="flex w-full flex-col"
  >
    <div
      class="w-full rounded-400 inline-flex items-center py-50 border-75 overflow-hidden font-sans relative cursor-pointer [&:has(input:disabled)]:cursor-not-allowed hover:transition-[border] hover:ease-[cubic-bezier(0.72, 0, 0.24, 1)] hover:duration-[160ms] focus-within:[&:has(label)]:pt-600 data-[has-value=true]:[&:has(label)]:pt-600 bg-solid-slate-50 [&:has(input:disabled)]:bg-solid-slate-50 [&:has(input:disabled)]:text-opacity-black-100 [&:has(input:disabled)]:border-opacity-black-100 px-800 h-2800 text-opacity-black-100 [&:has(input:enabled)]:hover:[&:not(:focus-within)]:text-opacity-black-200 [&:has(input:enabled)]:hover:[&:not(:focus-within)]:border-opacity-black-200 focus-within:border-solid-slate-1400 focus-within:text-solid-slate-1400 bg-transparent"
      data-has-value="false"
    >
      <div>
        <svg
          height="24"
          role="img"
          viewBox="0 0 32 32"
          width="24"
          xmlns="http://www.w3.org/2000/svg"
        >
          <path
            d="M20.375 14.625c0-2.227-1.21-4.258-3.125-5.39-1.953-1.133-4.336-1.133-6.25 0-1.953 1.132-3.125 3.163-3.125 5.39A6.22 6.22 0 0 0 11 20.055c1.914 1.133 4.297 1.133 6.25 0 1.914-1.133 3.125-3.164 3.125-5.43m-1.21 6.406a8.2 8.2 0 0 1-5.04 1.719A8.12 8.12 0 0 1 6 14.625C6 10.172 9.633 6.5 14.125 6.5c4.453 0 8.125 3.672 8.125 8.125a8.25 8.25 0 0 1-1.758 5.078l5.235 5.195c.351.391.351.977 0 1.329-.391.39-.977.39-1.329 0z"
          />
        </svg>
      </div>
      <input
        class="h-1200 bg-transparent leading-300 cursor-pointer peer grow disabled:cursor-not-allowed focus:outline-none focus:text-solid-slate-1400 hover:text-opacity-black-600 placeholder-shown:text-typography-disabled [&:not(placeholder-shown)]:text-opacity-black-600 disabled:text-opacity-black-300 [&:has(~label)]:text-100 [&:has(~label)]:placeholder:text-transparent [&:has(~label)]:focus:placeholder-opacity-black-300 [&::-webkit-search-decoration]:hidden [&::-webkit-search-cancel-button]:hidden [&::-webkit-search-results-button]:hidden [&::-webkit-search-results-decoration]:hidden [&::-ms-clear]:hidden [&::-ms-clear]:w-50 [&::-ms-clear]:h-50 [&::-ms-reveal]:hidden [&::-ms-reveal]:w-50 [&::-ms-reveal]:h-50 text-left h-1200"
        type="Search"
      />
    </div>
    <div
      class="flex justify-between pt-400"
    />
  </div>
</div>
`;

exports[`SearchField It should render a TextField with error status 1`] = `
<div>
  <div
    class="flex w-full flex-col"
  >
    <div
      class="w-full rounded-400 inline-flex items-center py-50 border-75 overflow-hidden font-sans relative cursor-pointer [&:has(input:disabled)]:cursor-not-allowed hover:transition-[border] hover:ease-[cubic-bezier(0.72, 0, 0.24, 1)] hover:duration-[160ms] focus-within:[&:has(label)]:pt-600 data-[has-value=true]:[&:has(label)]:pt-600 bg-solid-slate-50 [&:has(input:disabled)]:bg-solid-slate-50 [&:has(input:disabled)]:text-opacity-black-100 [&:has(input:disabled)]:border-opacity-black-100 px-800 h-2800 text-opacity-red-600 border-opacity-red-600 [&:has(input:enabled)]:hover:[&:not(:focus-within)]:text-opacity-red-800 [&:has(input:enabled)]:hover:[&:not(:focus-within)]:border-opacity-red-800 focus-within:text-solid-red-900 focus-within:border-solid-red-900"
      data-has-value="false"
    >
      <div>
        <svg
          height="24"
          role="img"
          viewBox="0 0 32 32"
          width="24"
          xmlns="http://www.w3.org/2000/svg"
        >
          <path
            d="M20.375 14.625c0-2.227-1.21-4.258-3.125-5.39-1.953-1.133-4.336-1.133-6.25 0-1.953 1.132-3.125 3.163-3.125 5.39A6.22 6.22 0 0 0 11 20.055c1.914 1.133 4.297 1.133 6.25 0 1.914-1.133 3.125-3.164 3.125-5.43m-1.21 6.406a8.2 8.2 0 0 1-5.04 1.719A8.12 8.12 0 0 1 6 14.625C6 10.172 9.633 6.5 14.125 6.5c4.453 0 8.125 3.672 8.125 8.125a8.25 8.25 0 0 1-1.758 5.078l5.235 5.195c.351.391.351.977 0 1.329-.391.39-.977.39-1.329 0z"
          />
        </svg>
      </div>
      <input
        class="h-1200 bg-transparent leading-300 cursor-pointer peer grow disabled:cursor-not-allowed focus:outline-none focus:text-solid-slate-1400 hover:text-opacity-black-600 placeholder-shown:text-typography-disabled [&:not(placeholder-shown)]:text-opacity-black-600 disabled:text-opacity-black-300 [&:has(~label)]:text-100 [&:has(~label)]:placeholder:text-transparent [&:has(~label)]:focus:placeholder-opacity-black-300 [&::-webkit-search-decoration]:hidden [&::-webkit-search-cancel-button]:hidden [&::-webkit-search-results-button]:hidden [&::-webkit-search-results-decoration]:hidden [&::-ms-clear]:hidden [&::-ms-clear]:w-50 [&::-ms-clear]:h-50 [&::-ms-reveal]:hidden [&::-ms-reveal]:w-50 [&::-ms-reveal]:h-50 text-left h-1200"
        type="search"
      />
    </div>
    <div
      class="flex justify-between pt-400"
    />
  </div>
</div>
`;

exports[`SearchField It should render a TextField with success status 1`] = `
<div>
  <div
    class="flex w-full flex-col"
  >
    <div
      class="w-full rounded-400 inline-flex items-center py-50 border-75 overflow-hidden font-sans relative cursor-pointer [&:has(input:disabled)]:cursor-not-allowed hover:transition-[border] hover:ease-[cubic-bezier(0.72, 0, 0.24, 1)] hover:duration-[160ms] focus-within:[&:has(label)]:pt-600 data-[has-value=true]:[&:has(label)]:pt-600 bg-solid-slate-50 [&:has(input:disabled)]:bg-solid-slate-50 [&:has(input:disabled)]:text-opacity-black-100 [&:has(input:disabled)]:border-opacity-black-100 px-800 h-2800 text-opacity-green-600 border-opacity-green-600 [&:has(input:enabled)]:hover:[&:not(:focus-within)]:text-opacity-green-800 [&:has(input:enabled)]:hover:[&:not(:focus-within)]:border-opacity-green-800 focus-within:text-solid-green-900 focus-within:border-solid-green-900"
      data-has-value="false"
    >
      <div>
        <svg
          height="24"
          role="img"
          viewBox="0 0 32 32"
          width="24"
          xmlns="http://www.w3.org/2000/svg"
        >
          <path
            d="M20.375 14.625c0-2.227-1.21-4.258-3.125-5.39-1.953-1.133-4.336-1.133-6.25 0-1.953 1.132-3.125 3.163-3.125 5.39A6.22 6.22 0 0 0 11 20.055c1.914 1.133 4.297 1.133 6.25 0 1.914-1.133 3.125-3.164 3.125-5.43m-1.21 6.406a8.2 8.2 0 0 1-5.04 1.719A8.12 8.12 0 0 1 6 14.625C6 10.172 9.633 6.5 14.125 6.5c4.453 0 8.125 3.672 8.125 8.125a8.25 8.25 0 0 1-1.758 5.078l5.235 5.195c.351.391.351.977 0 1.329-.391.39-.977.39-1.329 0z"
          />
        </svg>
      </div>
      <input
        class="h-1200 bg-transparent leading-300 cursor-pointer peer grow disabled:cursor-not-allowed focus:outline-none focus:text-solid-slate-1400 hover:text-opacity-black-600 placeholder-shown:text-typography-disabled [&:not(placeholder-shown)]:text-opacity-black-600 disabled:text-opacity-black-300 [&:has(~label)]:text-100 [&:has(~label)]:placeholder:text-transparent [&:has(~label)]:focus:placeholder-opacity-black-300 [&::-webkit-search-decoration]:hidden [&::-webkit-search-cancel-button]:hidden [&::-webkit-search-results-button]:hidden [&::-webkit-search-results-decoration]:hidden [&::-ms-clear]:hidden [&::-ms-clear]:w-50 [&::-ms-clear]:h-50 [&::-ms-reveal]:hidden [&::-ms-reveal]:w-50 [&::-ms-reveal]:h-50 text-left h-1200"
        type="search"
      />
    </div>
    <div
      class="flex justify-between pt-400"
    />
  </div>
</div>
`;

exports[`SearchField It should render a default SearchField 1`] = `
<div>
  <div
    class="flex w-full flex-col"
  >
    <div
      class="w-full rounded-400 inline-flex items-center py-50 border-75 overflow-hidden font-sans relative cursor-pointer [&:has(input:disabled)]:cursor-not-allowed hover:transition-[border] hover:ease-[cubic-bezier(0.72, 0, 0.24, 1)] hover:duration-[160ms] focus-within:[&:has(label)]:pt-600 data-[has-value=true]:[&:has(label)]:pt-600 bg-solid-slate-50 [&:has(input:disabled)]:bg-solid-slate-50 [&:has(input:disabled)]:text-opacity-black-100 [&:has(input:disabled)]:border-opacity-black-100 px-800 h-2800 text-opacity-black-100 [&:has(input:enabled)]:hover:[&:not(:focus-within)]:text-opacity-black-200 [&:has(input:enabled)]:hover:[&:not(:focus-within)]:border-opacity-black-200 focus-within:border-solid-slate-1400 focus-within:text-solid-slate-1400"
      data-has-value="false"
    >
      <div>
        <svg
          height="24"
          role="img"
          viewBox="0 0 32 32"
          width="24"
          xmlns="http://www.w3.org/2000/svg"
        >
          <path
            d="M20.375 14.625c0-2.227-1.21-4.258-3.125-5.39-1.953-1.133-4.336-1.133-6.25 0-1.953 1.132-3.125 3.163-3.125 5.39A6.22 6.22 0 0 0 11 20.055c1.914 1.133 4.297 1.133 6.25 0 1.914-1.133 3.125-3.164 3.125-5.43m-1.21 6.406a8.2 8.2 0 0 1-5.04 1.719A8.12 8.12 0 0 1 6 14.625C6 10.172 9.633 6.5 14.125 6.5c4.453 0 8.125 3.672 8.125 8.125a8.25 8.25 0 0 1-1.758 5.078l5.235 5.195c.351.391.351.977 0 1.329-.391.39-.977.39-1.329 0z"
          />
        </svg>
      </div>
      <input
        class="h-1200 bg-transparent leading-300 cursor-pointer peer grow disabled:cursor-not-allowed focus:outline-none focus:text-solid-slate-1400 hover:text-opacity-black-600 placeholder-shown:text-typography-disabled [&:not(placeholder-shown)]:text-opacity-black-600 disabled:text-opacity-black-300 [&:has(~label)]:text-100 [&:has(~label)]:placeholder:text-transparent [&:has(~label)]:focus:placeholder-opacity-black-300 [&::-webkit-search-decoration]:hidden [&::-webkit-search-cancel-button]:hidden [&::-webkit-search-results-button]:hidden [&::-webkit-search-results-decoration]:hidden [&::-ms-clear]:hidden [&::-ms-clear]:w-50 [&::-ms-clear]:h-50 [&::-ms-reveal]:hidden [&::-ms-reveal]:w-50 [&::-ms-reveal]:h-50 text-left h-1200"
        type="search"
      />
    </div>
    <div
      class="flex justify-between pt-400"
    />
  </div>
</div>
`;
